Microchip MPLAB XC8 Compiler V2.32

Linker command line:

-W-3 --edf=C:\Program Files\Microchip\xc8\v2.32\pic\dat\en_msgs.txt -cn \
  -h+dist/default/production\mini-proj-tszdabee.X.production.sym \
  --cmf=dist/default/production\mini-proj-tszdabee.X.production.cmf -z -w9 \
  --disl=596:off --norlf -Q18F67K40 \
  -oC:\Users\tszdabee\AppData\Local\Temp\xcAs1fmo.4 \
  --defsym=__MPLAB_BUILD=1 \
  -Mdist/default/production/mini-proj-tszdabee.X.production.map -E1 \
  -ver=XC8 Compiler --acfsm=1493 -ACODE=00h-01FFFFh -ACONST=00h-01FFFFh \
  -ASMALLCONST=0E00h-0EFFhx498 -AMEDIUMCONST=0E00h-0FFFFh,010E00h-01FFFFh \
  -ACOMRAM=01h-05Fh -AABS1=00h-0DE9h -ABIGRAM=01h-0DE9h \
  -ARAM=060h-0FFh,0100h-01FFhx12,0D00h-0DE9h -ABANK0=060h-0FFh \
  -ABANK1=0100h-01FFh -ABANK2=0200h-02FFh -ABANK3=0300h-03FFh \
  -ABANK4=0400h-04FFh -ABANK5=0500h-05FFh -ABANK6=0600h-06FFh \
  -ABANK7=0700h-07FFh -ABANK8=0800h-08FFh -ABANK9=0900h-09FFh \
  -ABANK10=0A00h-0AFFh -ABANK11=0B00h-0BFFh -ABANK12=0C00h-0CFFh \
  -ABANK13=0D00h-0DE9h \
  -ASFR=0DEFh-0DFFh,0E00h-0EFFh,0F00h-0F5Fh,0F60h-0FFFh \
  -ACONFIG=0300000h-030000Bh -AIDLOC=0200000h-020000Fh \
  -AEEDATA=0310000h-03103FFh -peeprom_data=EEDATA \
  -preset_vec=00h,intcode,intcodelo,powerup,init -pramtop=0E00h \
  -psmallconst=SMALLCONST -pmediumconst=MEDIUMCONST -pconst=CONST \
  -AFARRAM=00h-00h \
  -prdata=COMRAM,nvrram=COMRAM,nvbit=COMRAM,rbss=COMRAM,rbit=COMRAM \
  -pfarbss=FARRAM,fardata=FARRAM,nvFARRAM=FARRAM \
  -pintsave_regs=BIGRAM,bigbss=BIGRAM,bigdata=BIGRAM -pbss=RAM \
  -pidata=CODE,irdata=CODE,ibigdata=CODE,ifardata=CODE \
  C:\Users\tszdabee\AppData\Local\Temp\xcAs1fmo.o \
  dist/default/production\mini-proj-tszdabee.X.production.o 

Object code version is 3.11

Machine type is 18F67K40



                Name                               Link     Load   Length Selector   Space Scale
C:\Users\tszdabee\AppData\Local\Temp\xcAs1fmo.o
                idloc                            200000   200000       10        0       5
                config                           300000   300000        C        0       4
                init                                 A2       A2        4        0       0
dist/default/production\mini-proj-tszdabee.X.production.o
                intcodelo                             6        6       9C        0       0
                intcode                               0        0        6        0       0
                idloc                            200000   200000       10        0       5
                config                           300000   300000        C        0       4
                temp                                 5C       5C        1        1       1
                smallconst                          E00      E00       2E      700       0
                intcode_body                       250A     250A       76      717       0
                text37                             29DE     29DE       14      717       0
                text36                             2984     2984       26      717       0
                text35                             29CA     29CA       14      717       0
                text34                             29F2     29F2        E      717       0
                text33                             2580     2580       68      717       0
                text32                             295E     295E       26      717       0
                text31                             28DE     28DE       34      717       0
                text30                             273E     273E       46      717       0
                text29                             2938     2938       26      717       0
                text28                             2808     2808       38      717       0
                text27                             26A0     26A0       52      717       0
                text26                             174C     174C      1A4      717       0
                text25                             18F0     18F0      188      717       0
                text24                             1BE2     1BE2      164      717       0
                text23                             27C8     27C8       40      717       0
                text22                             2A14     2A14        2      717       0
                text21                             20AE     20AE       CA      717       0
                text20                             2784     2784       44      717       0
                text19                             2840     2840       36      717       0
                text18                             223C     223C       C2      717       0
                text17                             11BA     11BA      2DE      717       0
                text16                              E2E      E2E      38C      717       0
                text15                             25E8     25E8       66      717       0
                text14                             264E     264E       52      717       0
                text13                             2466     2466       A4      717       0
                text12                             22FE     22FE       B8      717       0
                text11                             1A78     1A78      16A      717       0
                text10                             2912     2912       26      717       0
                text9                              2A0A     2A0A        A      717       0
                text8                              29AA     29AA       20      717       0
                text7                              23B6     23B6       B0      717       0
                text6                              1498     1498      2B4      717       0
                text5                              1D46     1D46      142      717       0
                text4                              28AA     28AA       34      717       0
                text3                              2876     2876       34      717       0
                text2                              2178     2178       C4      717       0
                text1                              1FB2     1FB2       FC      717       0
                text0                              1E88     1E88      12A      717       0
                cstackCOMRAM                          1        1       58        1       1
                cstackBANK0                          60       60       44       60       1
                dataBANK0                            CC       CC        A       60       1
                bssBANK0                             A4       A4       28       60       1
                dataCOMRAM                           5B       5B        1        1       1
                bssCOMRAM                            59       59        2        1       1
                cinit                              26F2     26F2       4C      717       0
                idataBANK0                         2A00     2A00        A      717       0
                idataCOMRAM                        2A16     2A16        1      717       0

TOTAL           Name                               Link     Load   Length     Space
        CLASS   CODE           
                intcodelo                             6        6       9C         0
                intcode                               0        0        6         0
                init                                 A2       A2        4         0
                intcode_body                       250A     250A       76         0
                text37                             29DE     29DE       14         0
                text36                             2984     2984       26         0
                text35                             29CA     29CA       14         0
                text34                             29F2     29F2        E         0
                text33                             2580     2580       68         0
                text32                             295E     295E       26         0
                text31                             28DE     28DE       34         0
                text30                             273E     273E       46         0
                text29                             2938     2938       26         0
                text28                             2808     2808       38         0
                text27                             26A0     26A0       52         0
                text26                             174C     174C      1A4         0
                text25                             18F0     18F0      188         0
                text24                             1BE2     1BE2      164         0
                text23                             27C8     27C8       40         0
                text22                             2A14     2A14        2         0
                text21                             20AE     20AE       CA         0
                text20                             2784     2784       44         0
                text19                             2840     2840       36         0
                text18                             223C     223C       C2         0
                text17                             11BA     11BA      2DE         0
                text16                              E2E      E2E      38C         0
                text15                             25E8     25E8       66         0
                text14                             264E     264E       52         0
                text13                             2466     2466       A4         0
                text12                             22FE     22FE       B8         0
                text11                             1A78     1A78      16A         0
                text10                             2912     2912       26         0
                text9                              2A0A     2A0A        A         0
                text8                              29AA     29AA       20         0
                text7                              23B6     23B6       B0         0
                text6                              1498     1498      2B4         0
                text5                              1D46     1D46      142         0
                text4                              28AA     28AA       34         0
                text3                              2876     2876       34         0
                text2                              2178     2178       C4         0
                text1                              1FB2     1FB2       FC         0
                text0                              1E88     1E88      12A         0
                cinit                              26F2     26F2       4C         0
                idataBANK0                         2A00     2A00        A         0
                idataCOMRAM                        2A16     2A16        1         0

        CLASS   CONST          

        CLASS   SMALLCONST     
                smallconst                          E00      E00       2E         0

        CLASS   MEDIUMCONST    

        CLASS   COMRAM         
                temp                                 5C       5C        1         1
                cstackCOMRAM                          1        1       58         1
                dataCOMRAM                           5B       5B        1         1
                bssCOMRAM                            59       59        2         1

        CLASS   ABS1           

        CLASS   BIGRAM         

        CLASS   RAM            

        CLASS   BANK0          
                cstackBANK0                          60       60       44         1
                dataBANK0                            CC       CC        A         1
                bssBANK0                             A4       A4       28         1

        CLASS   BANK1          

        CLASS   BANK2          

        CLASS   BANK3          

        CLASS   BANK4          

        CLASS   BANK5          

        CLASS   BANK6          

        CLASS   BANK7          

        CLASS   BANK8          

        CLASS   BANK9          

        CLASS   BANK10         

        CLASS   BANK11         

        CLASS   BANK12         

        CLASS   BANK13         

        CLASS   SFR            

        CLASS   CONFIG         
                config                           300000   300000        C         4

        CLASS   IDLOC          
                idloc                            200000   200000       10         5

        CLASS   EEDATA         

        CLASS   FARRAM         

        CLASS   STACK          



SEGMENTS        Name                           Load    Length   Top    Selector   Space  Class

                reset_vec                      000000  0000A6  0000A6         0       0  CODE    
                cstackCOMRAM                   000001  00005C  00005D         1       1  COMRAM  
                cstackBANK0                    000060  000076  0000D6        60       1  BANK0   
                smallconst                     000E00  00002E  000E2E       700       0  SMALLCON
                text16                         000E2E  001BE9  002A17       717       0  CODE    


UNUSED ADDRESS RANGES

        Name                Unused          Largest block    Delta
        BANK0            0000D6-0000FF               2A
        BANK1            000100-0001FF              100
        BANK10           000A00-000AFF              100
        BANK11           000B00-000BFF              100
        BANK12           000C00-000CFF              100
        BANK13           000D00-000DE9               EA
        BANK2            000200-0002FF              100
        BANK3            000300-0003FF              100
        BANK4            000400-0004FF              100
        BANK5            000500-0005FF              100
        BANK6            000600-0006FF              100
        BANK7            000700-0007FF              100
        BANK8            000800-0008FF              100
        BANK9            000900-0009FF              100
        BIGRAM           00005D-00005F                3
                         0000D6-000DE9              D14
        CODE             0000A6-000DFF              D5A
                         002A17-01FFFF            1D5E9
        COMRAM           00005D-00005F                3
        CONST            0000A6-000DFF              D5A
                         002A17-01FFFF            1D5E9
        EEDATA           310000-3103FF              400
        MEDIUMCONST      002A17-00FFFF             D5E9
                         010E00-01FFFF             F200
        RAM              0000D6-000DE9              100
        SFR              000DEF-000FFF              100
        SMALLCONST       002A17-01FFFF              100

                                  Symbol Table

_HighISR                    intcode      000000
__HRAM                      (abs)        000000
__Habs1                     abs1         000000
__Hbank0                    bank0        000000
__Hbank1                    bank1        000000
__Hbank10                   bank10       000000
__Hbank11                   bank11       000000
__Hbank12                   bank12       000000
__Hbank13                   bank13       000000
__Hbank2                    bank2        000000
__Hbank3                    bank3        000000
__Hbank4                    bank4        000000
__Hbank5                    bank5        000000
__Hbank6                    bank6        000000
__Hbank7                    bank7        000000
__Hbank8                    bank8        000000
__Hbank9                    bank9        000000
__Hbigbss                   bigbss       000000
__Hbigdata                  bigdata      000000
__Hbigram                   bigram       000000
__Hbss                      bss          000000
__HbssBANK0                 bssBANK0     000000
__HbssCOMRAM                bssCOMRAM    000000
__Hcinit                    cinit        000000
__Hclrtext                  clrtext      000000
__Hcomram                   comram       000000
__Hconst                    const        000000
__HcstackBANK0              cstackBANK0  000000
__HcstackCOMRAM             cstackCOMRAM 000000
__Hdata                     data         000000
__HdataBANK0                dataBANK0    000000
__HdataCOMRAM               dataCOMRAM   000000
__Heeprom_data              eeprom_data  000000
__Hfarbss                   farbss       000000
__Hfardata                  fardata      000000
__Hibigdata                 ibigdata     000000
__Hidata                    idata        000000
__HidataBANK0               idataBANK0   000000
__HidataCOMRAM              idataCOMRAM  000000
__Hifardata                 ifardata     000000
__Hintcode_body             intcode_body 000000
__Hintentry                 intentry     000000
__Hintret                   intret       000000
__Hintsave_regs             intsave_regs 000000
__Hirdata                   irdata       000000
__Hmediumconst              mediumconst  000000
__HnvFARRAM                 nvFARRAM     000000
__Hnvbit                    nvbit        000000
__Hnvrram                   nvrram       000000
__Hparam                    rparam       000000
__Hram                      ram          000000
__Hrbit                     rbit         000000
__Hrbss                     rbss         000000
__Hrdata                    rdata        000000
__Hreset_vec                reset_vec    000000
__Hrparam                   rparam       000000
__Hsfr                      sfr          000000
__Hspace_2                  (abs)        000000
__Hstack                    stack        000000
__Hstruct                   struct       000000
__Htext                     text         000000
__Htext0                    text0        000000
__Htext1                    text1        000000
__Htext10                   text10       000000
__Htext11                   text11       000000
__Htext12                   text12       000000
__Htext13                   text13       000000
__Htext14                   text14       000000
__Htext15                   text15       000000
__Htext16                   text16       000000
__Htext17                   text17       000000
__Htext18                   text18       000000
__Htext19                   text19       000000
__Htext2                    text2        000000
__Htext20                   text20       000000
__Htext21                   text21       000000
__Htext22                   text22       000000
__Htext23                   text23       000000
__Htext24                   text24       000000
__Htext25                   text25       000000
__Htext26                   text26       000000
__Htext27                   text27       000000
__Htext28                   text28       000000
__Htext29                   text29       000000
__Htext3                    text3        000000
__Htext30                   text30       000000
__Htext31                   text31       000000
__Htext32                   text32       000000
__Htext33                   text33       000000
__Htext34                   text34       000000
__Htext35                   text35       000000
__Htext36                   text36       000000
__Htext37                   text37       000000
__Htext4                    text4        000000
__Htext5                    text5        000000
__Htext6                    text6        000000
__Htext7                    text7        000000
__Htext8                    text8        000000
__Htext9                    text9        000000
__Labs1                     abs1         000000
__Lbank0                    bank0        000000
__Lbank1                    bank1        000000
__Lbank10                   bank10       000000
__Lbank11                   bank11       000000
__Lbank12                   bank12       000000
__Lbank13                   bank13       000000
__Lbank2                    bank2        000000
__Lbank3                    bank3        000000
__Lbank4                    bank4        000000
__Lbank5                    bank5        000000
__Lbank6                    bank6        000000
__Lbank7                    bank7        000000
__Lbank8                    bank8        000000
__Lbank9                    bank9        000000
__Lbigbss                   bigbss       000000
__Lbigdata                  bigdata      000000
__Lbigram                   bigram       000000
__Lbss                      bss          000000
__LbssBANK0                 bssBANK0     000000
__LbssCOMRAM                bssCOMRAM    000000
__Lcinit                    cinit        000000
__Lclrtext                  clrtext      000000
__Lcomram                   comram       000000
__Lconfig                   config       000000
__Lconst                    const        000000
__LcstackBANK0              cstackBANK0  000000
__LcstackCOMRAM             cstackCOMRAM 000000
__Ldata                     data         000000
__LdataBANK0                dataBANK0    000000
__LdataCOMRAM               dataCOMRAM   000000
__Leeprom_data              eeprom_data  000000
__Lfarbss                   farbss       000000
__Lfardata                  fardata      000000
__Libigdata                 ibigdata     000000
__Lidata                    idata        000000
__LidataBANK0               idataBANK0   000000
__LidataCOMRAM              idataCOMRAM  000000
__Lidloc                    idloc        000000
__Lifardata                 ifardata     000000
__Lintcode                  intcode      000000
__Lintcode_body             intcode_body 000000
__Lintentry                 intentry     000000
__Lintret                   intret       000000
__Lintsave_regs             intsave_regs 000000
__Lirdata                   irdata       000000
__Lmediumconst              mediumconst  000000
__LnvFARRAM                 nvFARRAM     000000
__Lnvbit                    nvbit        000000
__Lnvrram                   nvrram       000000
__Lparam                    rparam       000000
__Lram                      ram          000000
__Lrbit                     rbit         000000
__Lrbss                     rbss         000000
__Lrdata                    rdata        000000
__Lreset_vec                reset_vec    000000
__Lrparam                   rparam       000000
__Lsfr                      sfr          000000
__Lspace_0                  (abs)        000000
__Lspace_1                  (abs)        000000
__Lspace_2                  (abs)        000000
__Lspace_4                  (abs)        000000
__Lstack                    stack        000000
__Lstruct                   struct       000000
__Ltext                     text         000000
__Ltext0                    text0        000000
__Ltext1                    text1        000000
__Ltext10                   text10       000000
__Ltext11                   text11       000000
__Ltext12                   text12       000000
__Ltext13                   text13       000000
__Ltext14                   text14       000000
__Ltext15                   text15       000000
__Ltext16                   text16       000000
__Ltext17                   text17       000000
__Ltext18                   text18       000000
__Ltext19                   text19       000000
__Ltext2                    text2        000000
__Ltext20                   text20       000000
__Ltext21                   text21       000000
__Ltext22                   text22       000000
__Ltext23                   text23       000000
__Ltext24                   text24       000000
__Ltext25                   text25       000000
__Ltext26                   text26       000000
__Ltext27                   text27       000000
__Ltext28                   text28       000000
__Ltext29                   text29       000000
__Ltext3                    text3        000000
__Ltext30                   text30       000000
__Ltext31                   text31       000000
__Ltext32                   text32       000000
__Ltext33                   text33       000000
__Ltext34                   text34       000000
__Ltext35                   text35       000000
__Ltext36                   text36       000000
__Ltext37                   text37       000000
__Ltext4                    text4        000000
__Ltext5                    text5        000000
__Ltext6                    text6        000000
__Ltext7                    text7        000000
__Ltext8                    text8        000000
__Ltext9                    text9        000000
__S4                        (abs)        000000
__S5                        (abs)        000000
___inthi_sp                 stack        000000
___intlo_sp                 stack        000000
___param_bank               (abs)        000000
___sp                       stack        000000
__mediumconst               mediumconst  000000
__pintcode                  intcode      000000
__size_of_Comp1_init        (abs)        000000
__size_of_DAC_init          (abs)        000000
__size_of_HighISR           (abs)        000000
__size_of_Interrupts_init   (abs)        000000
__size_of_LCD_Disp          (abs)        000000
__size_of_LCD_E_TOG         (abs)        000000
__size_of_LCD_Init          (abs)        000000
__size_of_LCD_sendbyte      (abs)        000000
__size_of_LCD_sendnibble    (abs)        000000
__size_of_LCD_sendstring    (abs)        000000
__size_of_LCD_setline       (abs)        000000
__size_of_LEDarray_disp_bin (abs)        000000
__size_of_LEDarray_init     (abs)        000000
__size_of_LowISR            (abs)        000000
__size_of_RH3_RD7_init      (abs)        000000
__size_of_Timer0_init       (abs)        000000
__size_of___aodiv           (abs)        000000
__size_of___aomod           (abs)        000000
__size_of___awdiv           (abs)        000000
__size_of___awmod           (abs)        000000
__size_of___wmul            (abs)        000000
__size_of_abs               (abs)        000000
__size_of_atoi              (abs)        000000
__size_of_datecount         (abs)        000000
__size_of_dst               (abs)        000000
__size_of_dtoa              (abs)        000000
__size_of_fputc             (abs)        000000
__size_of_fputs             (abs)        000000
__size_of_isdigit           (abs)        000000
__size_of_isspace           (abs)        000000
__size_of_main              (abs)        000000
__size_of_mincount          (abs)        000000
__size_of_pad               (abs)        000000
__size_of_putch             (abs)        000000
__size_of_seccount          (abs)        000000
__size_of_sprintf           (abs)        000000
__size_of_strlen            (abs)        000000
__size_of_vfpfcnvrt         (abs)        000000
__size_of_vfprintf          (abs)        000000
__size_of_weekdaycheck      (abs)        000000
_on_min                                        
intlevel0                   text         000000
intlevel1                   text         000000
intlevel2                   text         000000
intlevel3                   text         000000
isa$xinst                   (abs)        000000
stackhi                     (abs)        000000
stacklo                     (abs)        000000
__LRAM                      (abs)        000001
___rparam_used              (abs)        000001
__pcstackCOMRAM             cstackCOMRAM 000001
isa$std                     (abs)        000001
__activetblptr              (abs)        000003
?___aodiv                   cstackCOMRAM 000004
?___aomod                   cstackCOMRAM 000004
?___wmul                    cstackCOMRAM 000004
?_isdigit                   cstackCOMRAM 000004
?_isspace                   cstackCOMRAM 000004
?_strlen                    cstackCOMRAM 000004
LCD_sendnibble@number       cstackCOMRAM 000004
LEDarray_disp_bin@number    cstackCOMRAM 000004
___aodiv@dividend           cstackCOMRAM 000004
___aomod@dividend           cstackCOMRAM 000004
___wmul@multiplier          cstackCOMRAM 000004
dst@hour                    cstackCOMRAM 000004
fputc@c                     cstackCOMRAM 000004
isdigit@c                   cstackCOMRAM 000004
isspace@c                   cstackCOMRAM 000004
mincount@min                cstackCOMRAM 000004
seccount@sec                cstackCOMRAM 000004
strlen@s                    cstackCOMRAM 000004
LCD_sendbyte@type           cstackCOMRAM 000005
LCD_sendbyte@Byte           cstackCOMRAM 000006
_LowISR                     intcodelo    000006
__Hintcode                  intcode      000006
__Lintcodelo                intcodelo    000006
___wmul@multiplicand        cstackCOMRAM 000006
__pintcodelo                intcodelo    000006
dst@day                     cstackCOMRAM 000006
fputc@fp                    cstackCOMRAM 000006
strlen@a                    cstackCOMRAM 000006
LCD_sendstring@string       cstackCOMRAM 000007
LCD_setline@line            cstackCOMRAM 000007
___wmul@product             cstackCOMRAM 000008
dst@month                   cstackCOMRAM 000008
?___awdiv                   cstackCOMRAM 00000A
___awdiv@dividend           cstackCOMRAM 00000A
_isspace$1965               cstackCOMRAM 00000A
dst@weekday                 cstackCOMRAM 00000A
?_atoi                      cstackCOMRAM 00000B
atoi@s                      cstackCOMRAM 00000B
___aodiv@divisor            cstackCOMRAM 00000C
___aomod@divisor            cstackCOMRAM 00000C
___awdiv@divisor            cstackCOMRAM 00000C
dst@bwdcheck                cstackCOMRAM 00000C
fputs@s                     cstackCOMRAM 00000D
___awdiv@counter            cstackCOMRAM 00000E
___awdiv@sign               cstackCOMRAM 00000F
fputs@fp                    cstackCOMRAM 00000F
___awdiv@quotient           cstackCOMRAM 000010
atoi@neg                    cstackCOMRAM 000011
fputs@c                     cstackCOMRAM 000011
?___awmod                   cstackCOMRAM 000012
___awmod@dividend           cstackCOMRAM 000012
fputs@i                     cstackCOMRAM 000012
_atoi$1947                  cstackCOMRAM 000013
?_pad                       cstackCOMRAM 000014
___aodiv@counter            cstackCOMRAM 000014
___aomod@counter            cstackCOMRAM 000014
___awmod@divisor            cstackCOMRAM 000014
pad@fp                      cstackCOMRAM 000014
___aodiv@sign               cstackCOMRAM 000015
___aomod@sign               cstackCOMRAM 000015
_atoi$1949                  cstackCOMRAM 000015
?_abs                       cstackCOMRAM 000016
___aodiv@quotient           cstackCOMRAM 000016
___awmod@counter            cstackCOMRAM 000016
abs@a                       cstackCOMRAM 000016
pad@buf                     cstackCOMRAM 000016
___awmod@sign               cstackCOMRAM 000017
_atoi$1948                  cstackCOMRAM 000017
?_weekdaycheck              cstackCOMRAM 000018
atoi@n                      cstackCOMRAM 000018
datecount@hour              cstackCOMRAM 000018
pad@p                       cstackCOMRAM 000018
weekdaycheck@d              cstackCOMRAM 000018
datecount@day               cstackCOMRAM 00001A
weekdaycheck@m              cstackCOMRAM 00001A
pad@i                       cstackCOMRAM 00001B
datecount@month             cstackCOMRAM 00001C
weekdaycheck@y              cstackCOMRAM 00001C
pad@w                       cstackCOMRAM 00001D
datecount@year              cstackCOMRAM 00001E
?_dtoa                      cstackCOMRAM 00001F
dtoa@fp                     cstackCOMRAM 00001F
datecount@bwdcheck          cstackCOMRAM 000020
dtoa@d                      cstackCOMRAM 000021
_dtoa$1912                  cstackCOMRAM 000031
dtoa@p                      cstackCOMRAM 000033
dtoa@w                      cstackCOMRAM 000035
dtoa@s                      cstackCOMRAM 000037
dtoa@n                      cstackCOMRAM 000039
dtoa@i                      cstackCOMRAM 000041
?_vfpfcnvrt                 cstackCOMRAM 000043
vfpfcnvrt@fp                cstackCOMRAM 000043
vfpfcnvrt@fmt               cstackCOMRAM 000045
vfpfcnvrt@ap                cstackCOMRAM 000047
vfpfcnvrt@ll                cstackCOMRAM 00004D
vfpfcnvrt@done              cstackCOMRAM 000055
_vfpfcnvrt$1927             cstackCOMRAM 000057
__pbssCOMRAM                bssCOMRAM    000059
_flags                      bssCOMRAM    000059
__pdataCOMRAM               dataCOMRAM   00005B
_light                      dataCOMRAM   00005B
__Ltemp                     temp         00005C
btemp                       temp         00005C
int$flags                   temp         00005C
__Htemp                     temp         00005D
ttemp5                      temp         00005D
wtemp8                      temp         00005D
?_vfprintf                  cstackBANK0  000060
__accesstop                 (abs)        000060
__pcstackBANK0              cstackBANK0  000060
ttemp6                      temp         000060
vfprintf@fp                 cstackBANK0  000060
vfprintf@fmt                cstackBANK0  000062
ttemp7                      temp         000064
vfprintf@ap                 cstackBANK0  000064
vfprintf@cfmt               cstackBANK0  000066
?_sprintf                   cstackBANK0  000068
sprintf@s                   cstackBANK0  000068
sprintf@fmt                 cstackBANK0  00006A
sprintf@ap                  cstackBANK0  000074
sprintf@f                   cstackBANK0  000076
LCD_Disp@buf                cstackBANK0  00007C
LCD_Disp@year               cstackBANK0  00007E
LCD_Disp@month              cstackBANK0  000080
LCD_Disp@day                cstackBANK0  000082
LCD_Disp@hour               cstackBANK0  000084
LCD_Disp@min                cstackBANK0  000086
LCD_Disp@sec                cstackBANK0  000088
LCD_Disp@weekday            cstackBANK0  00008A
main@buf                    cstackBANK0  000090
main@weekday                cstackBANK0  0000A0
__Hintcodelo                intcodelo    0000A2
__Hpowerup                  powerup      0000A2
__Linit                     init         0000A2
__Lpowerup                  powerup      0000A2
__end_of_LowISR             intcodelo    0000A2
main@bwdcheck               cstackBANK0  0000A2
start                       init         0000A2
__pbssBANK0                 bssBANK0     0000A4
_nout                       bssBANK0     0000A4
__Hinit                     init         0000A6
_width                      bssBANK0     0000A6
_prec                       bssBANK0     0000A8
_dbuf                       bssBANK0     0000AA
_hour                       bssBANK0     0000CA
__pdataBANK0                dataBANK0    0000CC
_sec                        dataBANK0    0000CC
_min                        dataBANK0    0000CE
_day                        dataBANK0    0000D0
_month                      dataBANK0    0000D2
_year                       dataBANK0    0000D4
__Hspace_1                  (abs)        0000D6
__S1                        (abs)        0000D6
__Hramtop                   ramtop       000E00
__Lramtop                   ramtop       000E00
__Lsmallconst               smallconst   000E00
__psmallconst               smallconst   000E00
__ramtop                    ramtop       000E00
__smallconst                smallconst   000E00
_IPR0bits                   (abs)        000E1F
_IPR2bits                   (abs)        000E21
_PIE0bits                   (abs)        000E29
_PIE2bits                   (abs)        000E2B
__Hsmallconst               smallconst   000E2E
__ptext16                   text16       000E2E
_vfpfcnvrt                  text16       000E2E
_PIR0bits                   (abs)        000E33
_PIR2bits                   (abs)        000E35
_DAC1CON0bits               (abs)        000EC6
_DAC1CON1bits               (abs)        000EC7
_CM1CON0bits                (abs)        000ED0
_CM1CON1bits                (abs)        000ED1
_CM1NCHbits                 (abs)        000ED2
_CM1PCHbits                 (abs)        000ED3
_LATAbits                   (abs)        000F79
_LATBbits                   (abs)        000F7A
_LATCbits                   (abs)        000F7B
_LATDbits                   (abs)        000F7C
_LATEbits                   (abs)        000F7D
_LATFbits                   (abs)        000F7E
_LATGbits                   (abs)        000F7F
_LATHbits                   (abs)        000F80
_TRISAbits                  (abs)        000F81
_TRISBbits                  (abs)        000F82
_TRISCbits                  (abs)        000F83
_TRISDbits                  (abs)        000F84
_TRISEbits                  (abs)        000F85
_TRISFbits                  (abs)        000F86
_TRISGbits                  (abs)        000F87
_TRISHbits                  (abs)        000F88
_TMR0L                      (abs)        000FD3
_TMR0H                      (abs)        000FD4
_T0CON0bits                 (abs)        000FD5
_T0CON1bits                 (abs)        000FD6
_INTCONbits                 (abs)        000FF2
__end_of_vfpfcnvrt          text16       0011BA
__ptext17                   text17       0011BA
_dtoa                       text17       0011BA
__end_of_dtoa               text17       001498
__ptext6                    text6        001498
_datecount                  text6        001498
__end_of_datecount          text6        00174C
__ptext26                   text26       00174C
_atoi                       text26       00174C
___aodiv                    text25       0018F0
__end_of_atoi               text26       0018F0
__ptext25                   text25       0018F0
_LEDarray_disp_bin          text11       001A78
__end_of___aodiv            text25       001A78
__ptext11                   text11       001A78
___aomod                    text24       001BE2
__end_of_LEDarray_disp_bin  text11       001BE2
__ptext24                   text24       001BE2
__end_of___aomod            text24       001D46
__ptext5                    text5        001D46
_dst                        text5        001D46
__end_of_dst                text5        001E88
__ptext0                    text0        001E88
_main                       text0        001E88
__end_of_main               text0        001FB2
__ptext1                    text1        001FB2
_weekdaycheck               text1        001FB2
__end_of_weekdaycheck       text1        0020AE
__ptext21                   text21       0020AE
_fputc                      text21       0020AE
___awdiv                    text2        002178
__end_of_fputc              text21       002178
__ptext2                    text2        002178
__end_of___awdiv            text2        00223C
__ptext18                   text18       00223C
_pad                        text18       00223C
_LCD_Init                   text12       0022FE
__end_of_pad                text18       0022FE
__ptext12                   text12       0022FE
___awmod                    text7        0023B6
__end_of_LCD_Init           text12       0023B6
__ptext7                    text7        0023B6
_LCD_Disp                   text13       002466
__end_of___awmod            text7        002466
__ptext13                   text13       002466
__end_of_LCD_Disp           text13       00250A
__pintcode_body             intcode_body 00250A
int_func                    intcode_body 00250A
_LCD_sendnibble             text33       002580
__end_of_HighISR            intcode_body 002580
__ptext33                   text33       002580
__end_of_LCD_sendnibble     text33       0025E8
__ptext15                   text15       0025E8
_vfprintf                   text15       0025E8
__end_of_vfprintf           text15       00264E
__ptext14                   text14       00264E
_sprintf                    text14       00264E
__end_of_sprintf            text14       0026A0
__ptext27                   text27       0026A0
_isspace                    text27       0026A0
__end_of_isspace            text27       0026F2
__initialization            cinit        0026F2
__pcinit                    cinit        0026F2
start_initialization        cinit        0026F2
__end_of__initialization    cinit        002734
end_of_initialization       cinit        002734
_LCD_setline                text30       00273E
__ptext30                   text30       00273E
__end_of_LCD_setline        text30       002784
__ptext20                   text20       002784
_fputs                      text20       002784
__end_of_fputs              text20       0027C8
__ptext23                   text23       0027C8
_abs                        text23       0027C8
__end_of_abs                text23       002808
__ptext28                   text28       002808
_isdigit                    text28       002808
__end_of_isdigit            text28       002840
__ptext19                   text19       002840
_strlen                     text19       002840
__end_of_strlen             text19       002876
__ptext3                    text3        002876
_seccount                   text3        002876
__end_of_seccount           text3        0028AA
__ptext4                    text4        0028AA
_mincount                   text4        0028AA
_LCD_sendstring             text31       0028DE
__end_of_mincount           text4        0028DE
__ptext31                   text31       0028DE
_LEDarray_init              text10       002912
__end_of_LCD_sendstring     text31       002912
__ptext10                   text10       002912
___wmul                     text29       002938
__end_of_LEDarray_init      text10       002938
__ptext29                   text29       002938
_LCD_sendbyte               text32       00295E
__end_of___wmul             text29       00295E
__ptext32                   text32       00295E
_Comp1_init                 text36       002984
__end_of_LCD_sendbyte       text32       002984
__ptext36                   text36       002984
_Timer0_init                text8        0029AA
__end_of_Comp1_init         text36       0029AA
__ptext8                    text8        0029AA
_Interrupts_init            text35       0029CA
__end_of_Timer0_init        text8        0029CA
__ptext35                   text35       0029CA
_DAC_init                   text37       0029DE
__end_of_Interrupts_init    text35       0029DE
__ptext37                   text37       0029DE
_LCD_E_TOG                  text34       0029F2
__end_of_DAC_init           text37       0029F2
__ptext34                   text34       0029F2
__end_of_LCD_E_TOG          text34       002A00
__pidataBANK0               idataBANK0   002A00
_RH3_RD7_init               text9        002A0A
__ptext9                    text9        002A0A
__end_of_RH3_RD7_init       text9        002A14
__ptext22                   text22       002A14
_putch                      text22       002A14
__end_of_putch              text22       002A16
__pidataCOMRAM              idataCOMRAM  002A16
__Hspace_0                  (abs)        002A17
__S0                        (abs)        002A17
__Hidloc                    idloc        200010
__Hconfig                   config       30000C
__Hspace_4                  (abs)        60000C
